// Jest Snapshot v1, https://goo.gl/fbAQLP

exports[`Component: AllProductsPage SHOULD match snapshot 1`] = `
{
  "asFragment": [Function],
  "baseElement": <body>
    <div>
      <div
        class="container mx-auto px-4"
      >
        <div
          class="flex justify-between"
        >
          <strong>
            Qogita
          </strong>
          <nav>
            <ul
              class="flex gap-4"
            >
              <li>
                <a
                  class="underline"
                  href="/"
                >
                  Products
                </a>
              </li>
              <li>
                <a
                  class="underline"
                  href="/cart"
                >
                  Your Cart
                </a>
              </li>
            </ul>
          </nav>
        </div>
        <h1
          class="text-3xl font-semibold text-center my-6"
        >
          Products
        </h1>
        <div
          class="mb-8"
        >
          <div>
            Products List
          </div>
          <div>
            Pagination
          </div>
        </div>
      </div>
    </div>
  </body>,
  "container": <div>
    <div
      class="container mx-auto px-4"
    >
      <div
        class="flex justify-between"
      >
        <strong>
          Qogita
        </strong>
        <nav>
          <ul
            class="flex gap-4"
          >
            <li>
              <a
                class="underline"
                href="/"
              >
                Products
              </a>
            </li>
            <li>
              <a
                class="underline"
                href="/cart"
              >
                Your Cart
              </a>
            </li>
          </ul>
        </nav>
      </div>
      <h1
        class="text-3xl font-semibold text-center my-6"
      >
        Products
      </h1>
      <div
        class="mb-8"
      >
        <div>
          Products List
        </div>
        <div>
          Pagination
        </div>
      </div>
    </div>
  </div>,
  "debug": [Function],
  "findAllByAltText": [Function],
  "findAllByDisplayValue": [Function],
  "findAllByLabelText": [Function],
  "findAllByPlaceholderText": [Function],
  "findAllByRole": [Function],
  "findAllByTestId": [Function],
  "findAllByText": [Function],
  "findAllByTitle": [Function],
  "findByAltText": [Function],
  "findByDisplayValue": [Function],
  "findByLabelText": [Function],
  "findByPlaceholderText": [Function],
  "findByRole": [Function],
  "findByTestId": [Function],
  "findByText": [Function],
  "findByTitle": [Function],
  "getAllByAltText": [Function],
  "getAllByDisplayValue": [Function],
  "getAllByLabelText": [Function],
  "getAllByPlaceholderText": [Function],
  "getAllByRole": [Function],
  "getAllByTestId": [Function],
  "getAllByText": [Function],
  "getAllByTitle": [Function],
  "getByAltText": [Function],
  "getByDisplayValue": [Function],
  "getByLabelText": [Function],
  "getByPlaceholderText": [Function],
  "getByRole": [Function],
  "getByTestId": [Function],
  "getByText": [Function],
  "getByTitle": [Function],
  "queryAllByAltText": [Function],
  "queryAllByDisplayValue": [Function],
  "queryAllByLabelText": [Function],
  "queryAllByPlaceholderText": [Function],
  "queryAllByRole": [Function],
  "queryAllByTestId": [Function],
  "queryAllByText": [Function],
  "queryAllByTitle": [Function],
  "queryByAltText": [Function],
  "queryByDisplayValue": [Function],
  "queryByLabelText": [Function],
  "queryByPlaceholderText": [Function],
  "queryByRole": [Function],
  "queryByTestId": [Function],
  "queryByText": [Function],
  "queryByTitle": [Function],
  "rerender": [Function],
  "unmount": [Function],
}
`;
